ok   dashboard--1280x800.png  /dashboard 1280x1227 
ok   accounts--1280x800.png  /accounts 1280x800 
ok   accounts-detail--1280x800.png  /accounts/ACC-477215249 1280x800 
ok   accounts-detail-export-dialog--1280x800.png  /accounts/ACC-477215249 1280x800 button not found
ok   accounts-transaction-detail--1280x800.png  /accounts/ACC-477215249/transactions/TXN-000001 1280x800 
ok   accounts-transaction-dispute--1280x800.png  /accounts/ACC-477215249/transactions/TXN-000001/dispute 1280x800 
ok   transfers--1280x800.png  /transfers 1280x1169 
ok   transfers-new--1280x800.png  /transfers/new 1280x800 
ok   transfers-new-review--1280x800.png  /transfers/new (redirected) 1280x800 
ok   transfers-confirmation--1280x800.png  /transfers/TRF-000001/confirmation 1280x800 
ok   transfers-history--1280x800.png  /transfers/history 1280x800 
ok   transfers-detail--1280x800.png  /transfers/TRF-000001 1280x800 
ok   transfers-payees--1280x800.png  /transfers/payees 1280x800 
ok   transfers-payees-new--1280x800.png  /transfers/payees/new 1280x800 
ok   transfers-payee-verify--1280x800.png  /transfers/payees/PYE-904418309/verify 1280x800 
ok   bill-pay--1280x800.png  /bill-pay 1280x800 
ok   bill-pay-bill-detail--1280x800.png  /bill-pay/bills/PYE-904418309 1280x800 
ok   bill-pay-pay-bill--1280x800.png  /bill-pay/bills/PYE-904418309/pay 1280x800 
ok   bill-pay-scheduled--1280x800.png  /bill-pay/scheduled 1280x800 
ok   bill-pay-history--1280x800.png  /bill-pay/history 1280x800 
ok   bill-pay-payees-new--1280x800.png  /bill-pay/payees/new 1280x800 
ok   bill-pay-autopay--1280x800.png  /bill-pay/bills/PYE-904418309/autopay 1280x800 
ok   cards--1280x800.png  /cards 1280x800 
ok   cards-detail--1280x800.png  /cards/CRD-980719437 1280x800 
ok   cards-controls--1280x800.png  /cards/CRD-980719437/controls 1280x1021 
ok   cards-report--1280x800.png  /cards/CRD-980719437/report 1280x800 
ok   cards-travel--1280x800.png  /cards/CRD-980719437/travel 1280x800 
ok   cards-activate--1280x800.png  /cards/CRD-980719437/activate 1280x800 
ok   statements--1280x800.png  /statements 1280x800 
ok   statements-tax--1280x800.png  /statements/tax 1280x800 
ok   statements-paperless--1280x800.png  /statements/paperless 1280x800 
ok   statements-viewer--1280x800.png  /statements/STM-000001 1280x800 
ok   alerts--1280x800.png  /alerts 1280x800 
ok   alerts-history--1280x800.png  /alerts/history 1280x800 
ok   profile--1280x800.png  /profile 1280x800 
ok   profile-contact--1280x800.png  /profile/contact 1280x800 
ok   profile-address--1280x800.png  /profile/address 1280x800 
ok   profile-security--1280x800.png  /profile/security 1280x800 
ok   profile-security-password--1280x800.png  /profile/security/password 1280x827 
ok   profile-security-username--1280x800.png  /profile/security/username 1280x800 
ok   profile-security-mfa--1280x800.png  /profile/security/mfa 1280x800 
ok   profile-security-devices--1280x800.png  /profile/security/devices 1280x800 
ok   profile-security-activity--1280x800.png  /profile/security/activity 1280x800 
ok   messages--1280x800.png  /messages 1280x800 
ok   messages-new--1280x800.png  /messages/new 1280x800 
ok   messages-thread--1280x800.png  /messages/THR-000001 1280x800 
ok   rewards--1280x800.png  /rewards 1280x800 
ok   rewards-activity--1280x800.png  /rewards/activity 1280x800 
ok   rewards-redeem--1280x800.png  /rewards/redeem 1280x800 
ok   help--1280x800.png  /help 1280x800 
ok   help-faq--1280x800.png  /help/faq 1280x800 
ok   help-contact--1280x800.png  /help/contact 1280x800 
ok   disclosures--1280x800.png  /disclosures 1280x800 
ok   disclosures-viewer--1280x800.png  /disclosures/privacy-notice 1280x800 
ok   open-account--1280x800.png  /open-account 1280x800 
ok   open-account-identity--1280x800.png  /open-account/identity 1280x800 
ok   open-account-contact--1280x800.png  /open-account/contact 1280x800 
ok   open-account-product--1280x800.png  /open-account/product 1280x800 
ok   open-account-funding--1280x800.png  /open-account/funding 1280x800 
ok   open-account-review--1280x800.png  /open-account/review 1280x800 
ok   errors-not-found--1280x800.png  /not-found 1280x800 
ok   errors-forbidden--1280x800.png  /forbidden 1280x800 
ok   errors-generic--1280x800.png  /error 1280x800 
ok   logged-out--1280x800.png  /logged-out 1280x800 
ok   dashboard--375x812.png  /dashboard 424x1659 
ok   accounts--375x812.png  /accounts 424x812 
ok   accounts-detail--375x812.png  /accounts/ACC-477215249 424x812 
ok   accounts-detail-export-dialog--375x812.png  /accounts/ACC-477215249 424x812 button not found
ok   accounts-transaction-detail--375x812.png  /accounts/ACC-477215249/transactions/TXN-000001 424x812 
ok   accounts-transaction-dispute--375x812.png  /accounts/ACC-477215249/transactions/TXN-000001/dispute 424x812 
ok   transfers--375x812.png  /transfers 424x1625 
ok   transfers-new--375x812.png  /transfers/new 424x812 
ok   transfers-new-review--375x812.png  /transfers/new (redirected) 424x812 
ok   transfers-confirmation--375x812.png  /transfers/TRF-000001/confirmation 424x812 
ok   transfers-history--375x812.png  /transfers/history 424x812 
ok   transfers-detail--375x812.png  /transfers/TRF-000001 424x812 
ok   transfers-payees--375x812.png  /transfers/payees 424x812 
ok   transfers-payees-new--375x812.png  /transfers/payees/new 424x1001 
ok   transfers-payee-verify--375x812.png  /transfers/payees/PYE-904418309/verify 424x812 
ok   bill-pay--375x812.png  /bill-pay 424x812 
ok   bill-pay-bill-detail--375x812.png  /bill-pay/bills/PYE-904418309 424x812 
ok   bill-pay-pay-bill--375x812.png  /bill-pay/bills/PYE-904418309/pay 424x924 
ok   bill-pay-scheduled--375x812.png  /bill-pay/scheduled 424x812 
ok   bill-pay-history--375x812.png  /bill-pay/history 424x812 
ok   bill-pay-payees-new--375x812.png  /bill-pay/payees/new 424x936 
ok   bill-pay-autopay--375x812.png  /bill-pay/bills/PYE-904418309/autopay 424x812 
ok   cards--375x812.png  /cards 424x812 
ok   cards-detail--375x812.png  /cards/CRD-980719437 424x812 
ok   cards-controls--375x812.png  /cards/CRD-980719437/controls 424x1245 
ok   cards-report--375x812.png  /cards/CRD-980719437/report 424x812 
ok   cards-travel--375x812.png  /cards/CRD-980719437/travel 424x831 
ok   cards-activate--375x812.png  /cards/CRD-980719437/activate 424x812 
ok   statements--375x812.png  /statements 424x909 
ok   statements-tax--375x812.png  /statements/tax 424x812 
ok   statements-paperless--375x812.png  /statements/paperless 424x812 
ok   statements-viewer--375x812.png  /statements/STM-000001 424x812 
ok   alerts--375x812.png  /alerts 424x812 
ok   alerts-history--375x812.png  /alerts/history 424x812 
ok   profile--375x812.png  /profile 424x812 
ok   profile-contact--375x812.png  /profile/contact 424x871 
ok   profile-address--375x812.png  /profile/address 424x1025 
ok   profile-security--375x812.png  /profile/security 424x812 
ok   profile-security-password--375x812.png  /profile/security/password 424x859 
ok   profile-security-username--375x812.png  /profile/security/username 424x812 
ok   profile-security-mfa--375x812.png  /profile/security/mfa 424x812 
ok   profile-security-devices--375x812.png  /profile/security/devices 424x812 
ok   profile-security-activity--375x812.png  /profile/security/activity 424x812 
ok   messages--375x812.png  /messages 424x812 
ok   messages-new--375x812.png  /messages/new 424x812 
ok   messages-thread--375x812.png  /messages/THR-000001 424x812 
ok   rewards--375x812.png  /rewards 424x812 
ok   rewards-activity--375x812.png  /rewards/activity 424x812 
ok   rewards-redeem--375x812.png  /rewards/redeem 424x812 
ok   help--375x812.png  /help 375x812 
ok   help-faq--375x812.png  /help/faq 375x812 
ok   help-contact--375x812.png  /help/contact 375x812 
ok   disclosures--375x812.png  /disclosures 375x812 
ok   disclosures-viewer--375x812.png  /disclosures/privacy-notice 375x812 
ok   open-account--375x812.png  /open-account 375x812 
ok   open-account-identity--375x812.png  /open-account/identity 375x812 
ok   open-account-contact--375x812.png  /open-account/contact 375x954 
ok   open-account-product--375x812.png  /open-account/product 375x812 
ok   open-account-funding--375x812.png  /open-account/funding 375x812 
ok   open-account-review--375x812.png  /open-account/review 375x812 
ok   errors-not-found--375x812.png  /not-found 375x812 
ok   errors-forbidden--375x812.png  /forbidden 375x812 
ok   errors-generic--375x812.png  /error 375x812 
ok   logged-out--375x812.png  /logged-out 375x812 
shots: 128 failed: 0
