
     _                      _                 ____ _     ___
    / \   _ __   __ _ _   _| | __ _ _ __     / ___| |   |_ _|
   / △ \ | '_ \ / _` | | | | |/ _` | '__|   | |   | |    | |
  / ___ \| | | | (_| | |_| | | (_| | |      | |___| |___ | |
 /_/   \_\_| |_|\__, |\__,_|_|\__,_|_|       \____|_____|___|
                |___/
    

Angular CLI: 14.2.13
Node: 16.20.2
Package Manager: npm 8.19.4 
OS: linux x64

Angular: 14.3.0
... animations, common, compiler, compiler-cli, core, forms
... localize, platform-browser, platform-browser-dynamic, router
... service-worker

Package                            Version
------------------------------------------------------------
@angular-devkit/architect          0.1402.13
@angular-devkit/build-angular      14.2.13
@angular-devkit/core               14.2.13
@angular-devkit/schematics         14.2.13
@angular/cdk                       14.2.7
@angular/cli                       14.2.13
@angular/flex-layout               14.0.0-beta.41
@angular/material                  14.2.7
@angular/material-moment-adapter   14.2.7
@schematics/angular                14.2.13
rxjs                               7.5.7
typescript                         4.7.4
    
